PS C:\Users\kimihiko2\Desktop\git_challenge> cd "C:\Users\kimihiko2\Desktop\git_challenge"
PS C:\Users\kimihiko2\Desktop\git_challenge> git init
Initialized empty Git repository in C:/Users/kimihiko2/Desktop/git_challenge/.git/
PS C:\Users\kimihiko2\Desktop\git_challenge> echo "Hello,world" > hello_world.txt
PS C:\Users\kimihiko2\Desktop\git_challenge> git add hello_world.txt
PS C:\Users\kimihiko2\Desktop\git_challenge> git commit -m "Hello,worldを追加"
[main (root-commit) 780fae8] Hello,worldを追加
 1 file changed, 0 insertions(+), 0 deletions(-)
 create mode 100644 hello_world.txt
PS C:\Users\kimihiko2\Desktop\git_challenge> echo "こんにちは、世界！" >> hello_world.txt
PS C:\Users\kimihiko2\Desktop\git_challenge> git add hello_world.txt
PS C:\Users\kimihiko2\Desktop\git_challenge> git commit -m "日本語訳を追記"
[main 255dc76] 日本語訳を追記
 1 file changed, 0 insertions(+), 0 deletions(-)
PS C:\Users\kimihiko2\Desktop\git_challenge> git log --oneline
255dc76 (HEAD -> main) 日本語訳を追記
780fae8 Hello,worldを追加