PS C:\Users\kimihiko2\Desktop\git_challenge> cd "C:\Users\kimihiko2\Desktop\git_challenge"
PS C:\Users\kimihiko2\Desktop\git_challenge> git init
Initialized empty Git repository in C:/Users/kimihiko2/Desktop/git_challenge/.git/
PS C:\Users\kimihiko2\Desktop\git_challenge> git add hello_world.txt
PS C:\Users\kimihiko2\Desktop\git_challenge> git commit -m "hello_world.txtを追加"
[main (root-commit) 97f9e3b] hello_world.txtを追加
 1 file changed, 1 insertion(+)
 create mode 100644 hello_world.txt
PS C:\Users\kimihiko2\Desktop\git_challenge> git add hello_world.txt
PS C:\Users\kimihiko2\Desktop\git_challenge> git commit -m "日本語訳を追記"
[main 3c9882e] 日本語訳を追記
 1 file changed, 2 insertions(+), 1 deletion(-)
PS C:\Users\kimihiko2\Desktop\git_challenge> git log --oneline
3c9882e (HEAD -> main) 日本語訳を追記
97f9e3b hello_world.txtを追加