PS C:\Users\kimihiko2\Lesson> cd "C:\Users\kimihiko2\Desktop\git_challenge"
PS C:\Users\kimihiko2\Desktop\git_challenge> git add hello_world.txt
PS C:\Users\kimihiko2\Desktop\git_challenge> git init
Initialized empty Git repository in C:/Users/kimihiko2/Desktop/git_challenge/.git/
PS C:\Users\kimihiko2\Desktop\git_challenge> git add hello_world.txt
PS C:\Users\kimihiko2\Desktop\git_challenge> git commit -m "hello_world.txtを追加"
[main (root-commit) baf36ab] hello_world.txtを追加
 1 file changed, 0 insertions(+), 0 deletions(-)
 create mode 100644 hello_world.txt
PS C:\Users\kimihiko2\Desktop\git_challenge> git add hello_world.txt
PS C:\Users\kimihiko2\Desktop\git_challenge> git commit -m "日本語訳を追記"
[main d2daf22] 日本語訳を追記
 1 file changed, 2 insertions(+)
PS C:\Users\kimihiko2\Desktop\git_challenge> git log --oneline
d2daf22 (HEAD -> main) 日本語訳を追記
baf36ab hello_world.txtを追加
